SCOTT> SELECT ename, sal
  2  FROM emp;

ENAME             SAL                                                                                                   
---------- ----------                                                                                                   
SMITH             800                                                                                                   
ALLEN            1600                                                                                                   
WARD             1250                                                                                                   
JONES            2975                                                                                                   
MARTIN           1250                                                                                                   
BLAKE            2850                                                                                                   
CLARK            2450                                                                                                   
SCOTT            3000                                                                                                   
KING             5000                                                                                                   
TURNER           1500                                                                                                   
ADAMS            1100                                                                                                   
JAMES             950                                                                                                   
FORD             3000                                                                                                   
MILLER           1300                                                                                                   

14 개의 행이 선택되었습니다.

SCOTT> SELECT deptno, loc
  2  FROM dept;

    DEPTNO LOC                                                                                                          
---------- -------------                                                                                                
        10 NEW YORK                                                                                                     
        20 DALLAS                                                                                                       
        30 CHICAGO                                                                                                      
        40 BOSTON                                                                                                       

SCOTT> spool off
